
<!DOCTYPE html>
<html lang="en">
<head>
    <meta charset="UTF-8">
    <meta name="viewport" content="width=device-width, initial-scale=1.0">
    <script src="https://unpkg.com/htmx.org@2.0.2" integrity="sha384-Y7hw+L/jvKeWIRRkqWYfPcvVxHzVzn5REgzbawhxAuQGwX1XWe70vji+VSeHOThJ" crossorigin="anonymous"></script>
    <link href="../static/css/output.css" rel="stylesheet">
    <title>URL Shortener</title>
</head>

<body>
    <header class="flex justify-center items-center space-x-2 p-8">
        <p class="">URL Shortener</p>
        <p class="text-accent-500">Simplify your link instantly.</p>
    </header>

<main class="flex justify-center">
    <div id="shorten-url" class="m-8 shadow-lg border w-full max-w-2xl p-6 rounded-lg">
        <form hx-post="/shorten/" hx-target="body" class="items-center justify-center">
            <div class="flex flex-col">
                <h3>Shorten link here :)</h3>
                <input type="url" name="base-url" placeholder="Enter link here" class="border">
            </div>
            <button type="submit" class="bg-primary rounded-md px-2 py-1 text">Shorten</button>
        </form>
    </div>
</main>



