<h1>URL Shortener<h1>

<p>ShortSuffix is 0000001</p>

<p>Original URL is google.com</p>
